2024-11-22 20:34:31,214 - INFO - End of iteration
2024-11-22 20:34:31,221 - INFO - End of iteration
2024-11-22 20:34:31,243 - INFO - End of iteration
2024-11-22 20:34:31,257 - INFO - End of iteration
2024-11-22 20:34:31,274 - INFO - End of iteration
2024-11-22 20:34:31,286 - INFO - <------ LONG ENTRY ------>
2024-11-22 20:34:31,287 - INFO - ENTRY PRICE = 66260.0, num_of_lots = 13, loss_for_trade = 54
2024-11-22 20:34:31,287 - INFO - End of iteration
2024-11-22 20:34:31,300 - INFO - <------ LONG EXIT ------>
2024-11-22 20:34:31,302 - INFO - EXIT PRICE = 66795.0, num_of_lots = 13, P&L = 695.5
2024-11-22 20:34:31,302 - INFO - End of iteration
2024-11-22 20:34:31,314 - INFO - End of iteration
2024-11-22 20:34:31,324 - INFO - End of iteration
2024-11-22 20:34:31,338 - INFO - End of iteration
2024-11-22 20:34:31,359 - INFO - End of iteration
2024-11-22 20:34:31,362 - INFO - End of iteration
2024-11-22 20:34:31,401 - INFO - End of iteration
2024-11-22 20:34:31,413 - INFO - End of iteration
2024-11-22 20:34:31,427 - INFO - End of iteration
2024-11-22 20:34:31,436 - INFO - <------ LONG ENTRY ------>
2024-11-22 20:34:31,440 - INFO - ENTRY PRICE = 55790.0, num_of_lots = 5, loss_for_trade = 134
2024-11-22 20:34:31,441 - INFO - End of iteration
2024-11-22 20:34:31,451 - INFO - <------ LONG EXIT ------>
2024-11-22 20:34:31,456 - INFO - EXIT PRICE = 57125.0, num_of_lots = 5, P&L = 667.5
2024-11-22 20:34:31,457 - INFO - End of iteration
2024-11-22 20:34:31,462 - INFO - End of iteration
2024-11-22 20:34:31,478 - INFO - <------ LONG ENTRY ------>
2024-11-22 20:34:31,485 - INFO - ENTRY PRICE = 57145.0, num_of_lots = 20, loss_for_trade = 24
2024-11-22 20:34:31,488 - INFO - End of iteration
2024-11-22 20:34:31,501 - INFO - End of iteration
2024-11-22 20:34:31,515 - INFO - <------ LONG EXIT ------>
2024-11-22 20:34:31,517 - INFO - EXIT PRICE = 57665.0, num_of_lots = 20, P&L = 1040.0
2024-11-22 20:34:31,517 - INFO - End of iteration
2024-11-22 20:34:31,526 - INFO - <------ LONG ENTRY ------>
2024-11-22 20:34:31,526 - INFO - ENTRY PRICE = 58250.0, num_of_lots = 20, loss_for_trade = 35
2024-11-22 20:34:31,535 - INFO - End of iteration
2024-11-22 20:34:31,537 - INFO - <------ LONG EXIT ------>
2024-11-22 20:34:31,544 - INFO - EXIT PRICE = 58600.0, num_of_lots = 20, P&L = 700.0
2024-11-22 20:34:31,545 - INFO - End of iteration
2024-11-22 20:34:31,556 - INFO - End of iteration
2024-11-22 20:34:31,558 - INFO - End of iteration
2024-11-22 20:34:31,577 - INFO - End of iteration
2024-11-22 20:34:31,584 - INFO - End of iteration
2024-11-22 20:34:31,588 - INFO - End of iteration
2024-11-22 20:34:31,600 - INFO - <------ LONG ENTRY ------>
2024-11-22 20:34:31,603 - INFO - ENTRY PRICE = 58775.0, num_of_lots = 5, loss_for_trade = 122
2024-11-22 20:34:31,604 - INFO - End of iteration
2024-11-22 20:34:31,608 - INFO - End of iteration
2024-11-22 20:34:31,616 - INFO - End of iteration
2024-11-22 20:34:31,631 - INFO - End of iteration
2024-11-22 20:34:31,633 - INFO - <------ LONG EXIT ------>
2024-11-22 20:34:31,639 - INFO - EXIT PRICE = 62440.0, num_of_lots = 5, P&L = 1832.5
2024-11-22 20:34:31,640 - INFO - End of iteration
2024-11-22 20:34:31,651 - INFO - End of iteration
2024-11-22 20:34:31,657 - INFO - End of iteration
2024-11-22 20:34:31,661 - INFO - End of iteration
2024-11-22 20:34:31,674 - INFO - End of iteration
2024-11-22 20:34:31,684 - INFO - End of iteration
2024-11-22 20:34:31,687 - INFO - End of iteration
2024-11-22 20:34:31,700 - INFO - End of iteration
2024-11-22 20:34:31,709 - INFO - <------ LONG ENTRY ------>
2024-11-22 20:34:31,715 - INFO - ENTRY PRICE = 61955.0, num_of_lots = 4, loss_for_trade = 150
2024-11-22 20:34:31,716 - INFO - End of iteration
2024-11-22 20:34:31,725 - INFO - End of iteration
2024-11-22 20:34:31,736 - INFO - <------ LONG EXIT ------>
2024-11-22 20:34:31,739 - INFO - EXIT PRICE = 61745.0, num_of_lots = 4, P&L = -84.0
2024-11-22 20:34:31,740 - INFO - End of iteration
2024-11-22 20:34:31,753 - INFO - End of iteration
2024-11-22 20:34:31,760 - INFO - <------ LONG ENTRY ------>
2024-11-22 20:34:31,765 - INFO - ENTRY PRICE = 61985.0, num_of_lots = 20, loss_for_trade = 14
2024-11-22 20:34:31,766 - INFO - End of iteration
2024-11-22 20:34:31,776 - INFO - <------ LONG EXIT ------>
2024-11-22 20:34:31,778 - INFO - EXIT PRICE = 61840.0, num_of_lots = 20, P&L = -290.0
2024-11-22 20:34:31,779 - INFO - End of iteration
2024-11-22 20:34:31,784 - INFO - End of iteration
2024-11-22 20:34:31,804 - INFO - End of iteration
2024-11-22 20:34:31,825 - INFO - End of iteration
2024-11-22 20:34:31,833 - INFO - <------ LONG ENTRY ------>
2024-11-22 20:34:31,838 - INFO - ENTRY PRICE = 60050.0, num_of_lots = 20, loss_for_trade = 11
2024-11-22 20:34:31,839 - INFO - End of iteration
2024-11-22 20:34:31,848 - INFO - End of iteration
2024-11-22 20:34:31,854 - INFO - <------ LONG EXIT ------>
2024-11-22 20:34:31,860 - INFO - EXIT PRICE = 60400.0, num_of_lots = 20, P&L = 700.0
2024-11-22 20:34:31,861 - INFO - End of iteration
2024-11-22 20:34:31,871 - INFO - End of iteration
2024-11-22 20:34:31,891 - INFO - End of iteration
2024-11-22 20:34:31,907 - INFO - End of iteration
2024-11-22 20:34:31,914 - INFO - End of iteration
2024-11-22 20:34:31,927 - INFO - <------ LONG ENTRY ------>
2024-11-22 20:34:31,931 - INFO - ENTRY PRICE = 60000.0, num_of_lots = 9, loss_for_trade = 79
2024-11-22 20:34:31,931 - INFO - End of iteration
2024-11-22 20:34:31,937 - INFO - <------ LONG EXIT ------>
2024-11-22 20:34:31,943 - INFO - EXIT PRICE = 60790.0, num_of_lots = 9, P&L = 711.0
2024-11-22 20:34:31,944 - INFO - End of iteration
2024-11-22 20:34:31,952 - INFO - End of iteration
2024-11-22 20:34:31,959 - INFO - End of iteration
2024-11-22 20:34:31,975 - INFO - End of iteration
2024-11-22 20:34:31,986 - INFO - End of iteration
2024-11-22 20:34:32,002 - INFO - <------ LONG ENTRY ------>
2024-11-22 20:34:32,004 - INFO - ENTRY PRICE = 60850.0, num_of_lots = 11, loss_for_trade = 64
2024-11-22 20:34:32,005 - INFO - End of iteration
2024-11-22 20:34:32,007 - INFO - End of iteration
2024-11-22 20:34:32,025 - INFO - <------ LONG EXIT ------>
2024-11-22 20:34:32,026 - INFO - EXIT PRICE = 62230.0, num_of_lots = 11, P&L = 1518.0
2024-11-22 20:34:32,027 - INFO - End of iteration
2024-11-22 20:34:32,036 - INFO - End of iteration
2024-11-22 20:34:32,039 - INFO - End of iteration
2024-11-22 20:34:32,064 - INFO - End of iteration
2024-11-22 20:34:32,076 - INFO - End of iteration
2024-11-22 20:34:32,089 - INFO - End of iteration
2024-11-22 20:34:32,099 - INFO - <------ LONG ENTRY ------>
2024-11-22 20:34:32,106 - INFO - ENTRY PRICE = 60560.0, num_of_lots = 20, loss_for_trade = 16
2024-11-22 20:34:32,106 - INFO - End of iteration
2024-11-22 20:34:32,109 - INFO - End of iteration
2024-11-22 20:34:32,126 - INFO - End of iteration
2024-11-22 20:34:32,151 - INFO - <------ LONG EXIT ------>
2024-11-22 20:34:32,155 - INFO - EXIT PRICE = 61465.0, num_of_lots = 20, P&L = 1810.0
2024-11-22 20:34:32,155 - INFO - End of iteration
2024-11-22 20:34:32,161 - INFO - End of iteration
2024-11-22 20:34:32,176 - INFO - End of iteration
2024-11-22 20:34:32,186 - INFO - <------ LONG ENTRY ------>
2024-11-22 20:34:32,190 - INFO - ENTRY PRICE = 64115.0, num_of_lots = 3, loss_for_trade = 181
2024-11-22 20:34:32,191 - INFO - End of iteration
2024-11-22 20:34:32,202 - INFO - End of iteration
2024-11-22 20:34:32,210 - INFO - End of iteration
2024-11-22 20:34:32,223 - INFO - <------ LONG EXIT ------>
2024-11-22 20:34:32,235 - INFO - EXIT PRICE = 65225.0, num_of_lots = 3, P&L = 333.0
2024-11-22 20:34:32,236 - INFO - End of iteration
2024-11-22 20:34:32,252 - INFO - End of iteration
2024-11-22 20:34:32,276 - INFO - End of iteration
2024-11-22 20:34:32,289 - INFO - End of iteration
2024-11-22 20:34:32,301 - INFO - End of iteration
2024-11-22 20:34:32,315 - INFO - End of iteration
2024-11-22 20:34:32,332 - INFO - End of iteration
2024-11-22 20:34:32,341 - INFO - End of iteration
2024-11-22 20:34:32,359 - INFO - End of iteration
2024-11-22 20:34:32,364 - INFO - End of iteration
2024-11-22 20:34:32,387 - INFO - <------ LONG ENTRY ------>
2024-11-22 20:34:32,388 - INFO - ENTRY PRICE = 60455.0, num_of_lots = 20, loss_for_trade = 27
2024-11-22 20:34:32,389 - INFO - End of iteration
2024-11-22 20:34:32,415 - INFO - <------ LONG EXIT ------>
2024-11-22 20:34:32,418 - INFO - EXIT PRICE = 60725.0, num_of_lots = 20, P&L = 540.0
2024-11-22 20:34:32,426 - INFO - End of iteration
2024-11-22 20:34:32,443 - INFO - End of iteration
2024-11-22 20:34:32,457 - INFO - End of iteration
2024-11-22 20:34:32,479 - INFO - End of iteration
2024-11-22 20:34:32,491 - INFO - End of iteration
2024-11-22 20:34:32,512 - INFO - <------ LONG ENTRY ------>
2024-11-22 20:34:32,512 - INFO - ENTRY PRICE = 60985.0, num_of_lots = 19, loss_for_trade = 37
2024-11-22 20:34:32,513 - INFO - End of iteration
2024-11-22 20:34:32,516 - INFO - End of iteration
2024-11-22 20:34:32,531 - INFO - <------ LONG EXIT ------>
2024-11-22 20:34:32,532 - INFO - EXIT PRICE = 61200.0, num_of_lots = 19, P&L = 408.5
2024-11-22 20:34:32,533 - INFO - End of iteration
2024-11-22 20:34:32,586 - INFO - End of iteration
2024-11-22 20:34:32,632 - INFO - End of iteration
2024-11-22 20:34:32,672 - INFO - <------ LONG ENTRY ------>
2024-11-22 20:34:32,685 - INFO - ENTRY PRICE = 60230.0, num_of_lots = 20, loss_for_trade = 4
2024-11-22 20:34:32,685 - INFO - End of iteration
2024-11-22 20:34:32,696 - INFO - <------ LONG EXIT ------>
2024-11-22 20:34:32,700 - INFO - EXIT PRICE = 60185.0, num_of_lots = 20, P&L = -90.0
2024-11-22 20:34:32,702 - INFO - End of iteration
2024-11-22 20:34:32,707 - INFO - End of iteration
2024-11-22 20:34:32,714 - INFO - End of iteration
2024-11-22 20:34:32,753 - INFO - End of iteration
2024-11-22 20:34:32,761 - INFO - End of iteration
2024-11-22 20:34:32,764 - INFO - End of iteration
2024-11-22 20:34:32,779 - INFO - End of iteration
2024-11-22 20:34:32,786 - INFO - End of iteration
2024-11-22 20:34:32,804 - INFO - End of iteration
2024-11-22 20:34:32,812 - INFO - End of iteration
2024-11-22 20:34:32,830 - INFO - End of iteration
2024-11-22 20:34:32,834 - INFO - End of iteration
2024-11-22 20:34:32,853 - INFO - End of iteration
2024-11-22 20:34:32,857 - INFO - End of iteration
2024-11-22 20:34:32,880 - INFO - End of iteration
2024-11-22 20:34:32,883 - INFO - End of iteration
2024-11-22 20:34:32,904 - INFO - End of iteration
2024-11-22 20:34:32,906 - INFO - End of iteration
2024-11-22 20:34:32,926 - INFO - End of iteration
2024-11-22 20:34:32,930 - INFO - End of iteration
2024-11-22 20:34:32,950 - INFO - End of iteration
2024-11-22 20:34:32,955 - INFO - End of iteration
2024-11-22 20:34:32,971 - INFO - End of iteration
2024-11-22 20:34:32,980 - INFO - End of iteration
2024-11-22 20:34:32,987 - INFO - <------ LONG ENTRY ------>
2024-11-22 20:34:32,996 - INFO - ENTRY PRICE = 57490.0, num_of_lots = 7, loss_for_trade = 95
2024-11-22 20:34:32,999 - INFO - End of iteration
2024-11-22 20:34:33,007 - INFO - <------ LONG EXIT ------>
2024-11-22 20:34:33,011 - INFO - EXIT PRICE = 56540.0, num_of_lots = 7, P&L = -665.0
2024-11-22 20:34:33,013 - INFO - End of iteration
2024-11-22 20:34:33,026 - INFO - End of iteration
2024-11-22 20:34:33,030 - INFO - End of iteration
2024-11-22 20:34:33,049 - INFO - End of iteration
2024-11-22 20:34:33,055 - INFO - End of iteration
2024-11-22 20:34:33,063 - INFO - <------ LONG ENTRY ------>
2024-11-22 20:34:33,073 - INFO - ENTRY PRICE = 56130.0, num_of_lots = 15, loss_for_trade = 46
2024-11-22 20:34:33,074 - INFO - End of iteration
2024-11-22 20:34:33,082 - INFO - <------ LONG EXIT ------>
2024-11-22 20:34:33,087 - INFO - EXIT PRICE = 55670.0, num_of_lots = 15, P&L = -690.0
2024-11-22 20:34:33,088 - INFO - End of iteration
2024-11-22 20:34:33,102 - INFO - <------ LONG ENTRY ------>
2024-11-22 20:34:33,103 - INFO - ENTRY PRICE = 57410.0, num_of_lots = 20, loss_for_trade = 32
2024-11-22 20:34:33,104 - INFO - End of iteration
2024-11-22 20:34:33,107 - INFO - End of iteration
2024-11-22 20:34:33,123 - INFO - <------ LONG EXIT ------>
2024-11-22 20:34:33,127 - INFO - EXIT PRICE = 57360.0, num_of_lots = 20, P&L = -100.0
2024-11-22 20:34:33,128 - INFO - End of iteration
2024-11-22 20:34:33,142 - INFO - End of iteration
2024-11-22 20:34:33,154 - INFO - End of iteration
2024-11-22 20:34:33,160 - INFO - End of iteration
2024-11-22 20:34:33,179 - INFO - <------ LONG ENTRY ------>
2024-11-22 20:34:33,181 - INFO - ENTRY PRICE = 58075.0, num_of_lots = 20, loss_for_trade = 12
2024-11-22 20:34:33,182 - INFO - End of iteration
2024-11-22 20:34:33,186 - INFO - <------ LONG EXIT ------>
2024-11-22 20:34:33,193 - INFO - EXIT PRICE = 57950.0, num_of_lots = 20, P&L = -250.0
2024-11-22 20:34:33,195 - INFO - End of iteration
2024-11-22 20:34:33,206 - INFO - End of iteration
2024-11-22 20:34:33,212 - INFO - End of iteration
2024-11-22 20:34:33,238 - INFO - End of iteration
2024-11-22 20:34:33,253 - INFO - End of iteration
2024-11-22 20:34:33,257 - INFO - <------ LONG ENTRY ------>
2024-11-22 20:34:33,264 - INFO - ENTRY PRICE = 58545.0, num_of_lots = 18, loss_for_trade = 39
2024-11-22 20:34:33,265 - INFO - End of iteration
2024-11-22 20:34:33,279 - INFO - <------ LONG EXIT ------>
2024-11-22 20:34:33,283 - INFO - EXIT PRICE = 58155.0, num_of_lots = 18, P&L = -702.0
2024-11-22 20:34:33,285 - INFO - End of iteration
2024-11-22 20:34:33,305 - INFO - <------ LONG ENTRY ------>
2024-11-22 20:34:33,306 - INFO - ENTRY PRICE = 58885.0, num_of_lots = 18, loss_for_trade = 39
2024-11-22 20:34:33,308 - INFO - End of iteration
2024-11-22 20:34:33,310 - INFO - End of iteration
2024-11-22 20:34:33,327 - INFO - <------ LONG EXIT ------>
2024-11-22 20:34:33,331 - INFO - EXIT PRICE = 58550.0, num_of_lots = 18, P&L = -603.0
2024-11-22 20:34:33,332 - INFO - End of iteration
2024-11-22 20:34:33,335 - INFO - <------ LONG ENTRY ------>
2024-11-22 20:34:33,343 - INFO - ENTRY PRICE = 59050.0, num_of_lots = 6, loss_for_trade = 112
2024-11-22 20:34:33,344 - INFO - End of iteration
2024-11-22 20:34:33,354 - INFO - End of iteration
2024-11-22 20:34:33,374 - INFO - <------ LONG EXIT ------>
2024-11-22 20:34:33,376 - INFO - EXIT PRICE = 58750.0, num_of_lots = 6, P&L = -180.0
2024-11-22 20:34:33,377 - INFO - End of iteration
2024-11-22 20:34:33,382 - INFO - End of iteration
2024-11-22 20:34:33,402 - INFO - <------ LONG ENTRY ------>
2024-11-22 20:34:33,403 - INFO - ENTRY PRICE = 58690.0, num_of_lots = 20, loss_for_trade = 27
2024-11-22 20:34:33,404 - INFO - End of iteration
2024-11-22 20:34:33,408 - INFO - <------ LONG EXIT ------>
2024-11-22 20:34:33,415 - INFO - EXIT PRICE = 58420.0, num_of_lots = 20, P&L = -540.0
2024-11-22 20:34:33,415 - INFO - End of iteration
2024-11-22 20:34:33,428 - INFO - <------ LONG ENTRY ------>
2024-11-22 20:34:33,433 - INFO - ENTRY PRICE = 58785.0, num_of_lots = 20, loss_for_trade = 2
2024-11-22 20:34:33,434 - INFO - End of iteration
2024-11-22 20:34:33,437 - INFO - End of iteration
2024-11-22 20:34:33,456 - INFO - <------ LONG EXIT ------>
2024-11-22 20:34:33,459 - INFO - EXIT PRICE = 60265.0, num_of_lots = 20, P&L = 2960.0
2024-11-22 20:34:33,460 - INFO - End of iteration
2024-11-22 20:34:33,463 - INFO - End of iteration
2024-11-22 20:34:33,478 - INFO - End of iteration
2024-11-22 20:34:33,486 - INFO - End of iteration
2024-11-22 20:34:33,504 - INFO - End of iteration
2024-11-22 20:34:33,509 - INFO - End of iteration
2024-11-22 20:34:33,529 - INFO - End of iteration
2024-11-22 20:34:33,538 - INFO - <------ LONG ENTRY ------>
2024-11-22 20:34:33,546 - INFO - ENTRY PRICE = 58820.0, num_of_lots = 20, loss_for_trade = 25
2024-11-22 20:34:33,549 - INFO - End of iteration
2024-11-22 20:34:33,554 - INFO - End of iteration
2024-11-22 20:34:33,572 - INFO - End of iteration
2024-11-22 20:34:33,582 - INFO - End of iteration
2024-11-22 20:34:33,597 - INFO - End of iteration
2024-11-22 20:34:33,603 - INFO - End of iteration
2024-11-22 20:34:33,611 - INFO - End of iteration
2024-11-22 20:34:33,630 - INFO - <------ LONG EXIT ------>
2024-11-22 20:34:33,631 - INFO - EXIT PRICE = 60860.0, num_of_lots = 20, P&L = 4080.0
2024-11-22 20:34:33,634 - INFO - End of iteration
2024-11-22 20:34:33,637 - INFO - End of iteration
2024-11-22 20:34:33,655 - INFO - End of iteration
2024-11-22 20:34:33,661 - INFO - <------ LONG ENTRY ------>
2024-11-22 20:34:33,668 - INFO - ENTRY PRICE = 60640.0, num_of_lots = 12, loss_for_trade = 56
2024-11-22 20:34:33,670 - INFO - End of iteration
2024-11-22 20:34:33,681 - INFO - End of iteration
2024-11-22 20:34:33,688 - INFO - End of iteration
2024-11-22 20:34:33,703 - INFO - <------ LONG EXIT ------>
2024-11-22 20:34:33,709 - INFO - EXIT PRICE = 62550.0, num_of_lots = 12, P&L = 2292.0
2024-11-22 20:34:33,710 - INFO - End of iteration
2024-11-22 20:34:33,713 - INFO - <------ LONG ENTRY ------>
2024-11-22 20:34:33,720 - INFO - ENTRY PRICE = 63000.0, num_of_lots = 20, loss_for_trade = 18
2024-11-22 20:34:33,723 - INFO - End of iteration
2024-11-22 20:34:33,729 - INFO - End of iteration
2024-11-22 20:34:33,737 - INFO - End of iteration
2024-11-22 20:34:33,753 - INFO - <------ LONG EXIT ------>
2024-11-22 20:34:33,758 - INFO - EXIT PRICE = 63685.0, num_of_lots = 20, P&L = 1370.0
2024-11-22 20:34:33,760 - INFO - End of iteration
2024-11-22 20:34:33,763 - INFO - <------ LONG ENTRY ------>
2024-11-22 20:34:33,769 - INFO - ENTRY PRICE = 64460.0, num_of_lots = 8, loss_for_trade = 90
2024-11-22 20:34:33,772 - INFO - End of iteration
2024-11-22 20:34:33,779 - INFO - End of iteration
2024-11-22 20:34:33,789 - INFO - <------ LONG EXIT ------>
2024-11-22 20:34:33,795 - INFO - EXIT PRICE = 63630.0, num_of_lots = 8, P&L = -664.0
2024-11-22 20:34:33,797 - INFO - End of iteration
2024-11-22 20:34:33,807 - INFO - End of iteration
2024-11-22 20:34:33,812 - INFO - End of iteration
2024-11-22 20:34:33,828 - INFO - End of iteration
2024-11-22 20:34:33,847 - INFO - <------ LONG ENTRY ------>
2024-11-22 20:34:33,850 - INFO - ENTRY PRICE = 64670.0, num_of_lots = 15, loss_for_trade = 48
2024-11-22 20:34:33,850 - INFO - End of iteration
2024-11-22 20:34:33,854 - INFO - <------ LONG EXIT ------>
2024-11-22 20:34:33,862 - INFO - EXIT PRICE = 64190.0, num_of_lots = 15, P&L = -720.0
2024-11-22 20:34:33,863 - INFO - End of iteration
2024-11-22 20:34:33,876 - INFO - End of iteration
2024-11-22 20:34:33,880 - INFO - End of iteration
2024-11-22 20:34:33,898 - INFO - End of iteration
2024-11-22 20:34:33,903 - INFO - End of iteration
2024-11-22 20:34:33,912 - INFO - End of iteration
2024-11-22 20:34:33,928 - INFO - <------ LONG ENTRY ------>
2024-11-22 20:34:33,934 - INFO - ENTRY PRICE = 64335.0, num_of_lots = 12, loss_for_trade = 56
2024-11-22 20:34:33,935 - INFO - End of iteration
2024-11-22 20:34:33,951 - INFO - End of iteration
2024-11-22 20:34:33,956 - INFO - <------ LONG EXIT ------>
2024-11-22 20:34:33,961 - INFO - EXIT PRICE = 63845.0, num_of_lots = 12, P&L = -588.0
2024-11-22 20:34:33,962 - INFO - End of iteration
2024-11-22 20:34:33,977 - INFO - <------ LONG ENTRY ------>
2024-11-22 20:34:33,978 - INFO - ENTRY PRICE = 64510.0, num_of_lots = 14, loss_for_trade = 50
2024-11-22 20:34:33,980 - INFO - End of iteration
2024-11-22 20:34:33,982 - INFO - End of iteration
2024-11-22 20:34:34,002 - INFO - End of iteration
2024-11-22 20:34:34,016 - INFO - <------ LONG EXIT ------>
2024-11-22 20:34:34,018 - INFO - EXIT PRICE = 64630.0, num_of_lots = 14, P&L = 168.0
2024-11-22 20:34:34,020 - INFO - End of iteration
2024-11-22 20:34:34,029 - INFO - End of iteration
2024-11-22 20:34:34,047 - INFO - End of iteration
2024-11-22 20:34:34,056 - INFO - End of iteration
2024-11-22 20:34:34,064 - INFO - End of iteration
2024-11-22 20:34:34,083 - INFO - <------ LONG ENTRY ------>
2024-11-22 20:34:34,086 - INFO - ENTRY PRICE = 63975.0, num_of_lots = 13, loss_for_trade = 52
2024-11-22 20:34:34,087 - INFO - End of iteration
2024-11-22 20:34:34,101 - INFO - End of iteration
2024-11-22 20:34:34,105 - INFO - End of iteration
2024-11-22 20:34:34,115 - INFO - End of iteration
2024-11-22 20:34:34,128 - INFO - End of iteration
2024-11-22 20:34:34,130 - INFO - End of iteration
2024-11-22 20:34:34,138 - INFO - End of iteration
2024-11-22 20:34:34,152 - INFO - End of iteration
2024-11-22 20:34:34,155 - INFO - End of iteration
2024-11-22 20:34:34,160 - INFO - End of iteration
2024-11-22 20:34:34,171 - INFO - <------ LONG EXIT ------>
2024-11-22 20:34:34,173 - INFO - EXIT PRICE = 66040.0, num_of_lots = 13, P&L = 2684.5
2024-11-22 20:34:34,173 - INFO - End of iteration
2024-11-22 20:34:34,177 - INFO - End of iteration
2024-11-22 20:34:34,186 - INFO - End of iteration
2024-11-22 20:34:34,191 - INFO - End of iteration
2024-11-22 20:34:34,200 - INFO - End of iteration
2024-11-22 20:34:34,210 - INFO - End of iteration
2024-11-22 20:34:34,216 - INFO - End of iteration
2024-11-22 20:34:34,226 - INFO - End of iteration
2024-11-22 20:34:34,237 - INFO - End of iteration
2024-11-22 20:34:34,250 - INFO - End of iteration
2024-11-22 20:34:34,257 - INFO - End of iteration
2024-11-22 20:34:34,264 - INFO - End of iteration
2024-11-22 20:34:34,275 - INFO - End of iteration
2024-11-22 20:34:34,284 - INFO - End of iteration
2024-11-22 20:34:34,296 - INFO - End of iteration
2024-11-22 20:34:34,305 - INFO - End of iteration
2024-11-22 20:34:34,311 - INFO - End of iteration
2024-11-22 20:34:34,324 - INFO - <------ LONG ENTRY ------>
2024-11-22 20:34:34,325 - INFO - ENTRY PRICE = 62240.0, num_of_lots = 7, loss_for_trade = 96
2024-11-22 20:34:34,326 - INFO - End of iteration
2024-11-22 20:34:34,328 - INFO - <------ LONG EXIT ------>
2024-11-22 20:34:34,333 - INFO - EXIT PRICE = 61285.0, num_of_lots = 7, P&L = -668.5
2024-11-22 20:34:34,333 - INFO - End of iteration
2024-11-22 20:34:34,337 - INFO - End of iteration
2024-11-22 20:34:34,350 - INFO - End of iteration
2024-11-22 20:34:34,355 - INFO - End of iteration
2024-11-22 20:34:34,362 - INFO - End of iteration
2024-11-22 20:34:34,376 - INFO - End of iteration
2024-11-22 20:34:34,382 - INFO - End of iteration
2024-11-22 20:34:34,390 - INFO - End of iteration
2024-11-22 20:34:34,402 - INFO - <------ LONG ENTRY ------>
2024-11-22 20:34:34,406 - INFO - ENTRY PRICE = 61480.0, num_of_lots = 17, loss_for_trade = 41
2024-11-22 20:34:34,407 - INFO - End of iteration
2024-11-22 20:34:34,410 - INFO - End of iteration
2024-11-22 20:34:34,424 - INFO - End of iteration
2024-11-22 20:34:34,427 - INFO - <------ LONG EXIT ------>
2024-11-22 20:34:34,432 - INFO - EXIT PRICE = 61425.0, num_of_lots = 17, P&L = -93.5
2024-11-22 20:34:34,433 - INFO - End of iteration
2024-11-22 20:34:34,436 - INFO - End of iteration
2024-11-22 20:34:34,450 - INFO - <------ LONG ENTRY ------>
2024-11-22 20:34:34,451 - INFO - ENTRY PRICE = 63110.0, num_of_lots = 12, loss_for_trade = 59
2024-11-22 20:34:34,451 - INFO - End of iteration
2024-11-22 20:34:34,454 - INFO - End of iteration
2024-11-22 20:34:34,463 - INFO - <------ LONG EXIT ------>
2024-11-22 20:34:34,469 - INFO - EXIT PRICE = 63595.0, num_of_lots = 12, P&L = 582.0
2024-11-22 20:34:34,470 - INFO - End of iteration
2024-11-22 20:34:34,478 - INFO - End of iteration
2024-11-22 20:34:34,486 - INFO - <------ LONG ENTRY ------>
2024-11-22 20:34:34,492 - INFO - ENTRY PRICE = 64335.0, num_of_lots = 10, loss_for_trade = 67
2024-11-22 20:34:34,493 - INFO - End of iteration
2024-11-22 20:34:34,502 - INFO - <------ LONG EXIT ------>
2024-11-22 20:34:34,507 - INFO - EXIT PRICE = 63665.0, num_of_lots = 10, P&L = -670.0
2024-11-22 20:34:34,508 - INFO - End of iteration
2024-11-22 20:34:34,518 - INFO - End of iteration
2024-11-22 20:34:34,528 - INFO - End of iteration
2024-11-22 20:34:34,537 - INFO - End of iteration
2024-11-22 20:34:34,551 - INFO - End of iteration
2024-11-22 20:34:34,559 - INFO - End of iteration
2024-11-22 20:34:34,570 - INFO - End of iteration
2024-11-22 20:34:34,577 - INFO - End of iteration
2024-11-22 20:34:34,585 - INFO - End of iteration
2024-11-22 20:34:34,601 - INFO - End of iteration
2024-11-22 20:34:34,608 - INFO - End of iteration
2024-11-22 20:34:34,622 - INFO - End of iteration
2024-11-22 20:34:34,634 - INFO - End of iteration
2024-11-22 20:34:34,636 - INFO - End of iteration
2024-11-22 20:34:34,652 - INFO - End of iteration
2024-11-22 20:34:34,659 - INFO - End of iteration
2024-11-22 20:34:34,676 - INFO - <------ LONG ENTRY ------>
2024-11-22 20:34:34,677 - INFO - ENTRY PRICE = 61260.0, num_of_lots = 12, loss_for_trade = 59
2024-11-22 20:34:34,678 - INFO - End of iteration
2024-11-22 20:34:34,682 - INFO - <------ LONG EXIT ------>
2024-11-22 20:34:34,688 - INFO - EXIT PRICE = 60670.0, num_of_lots = 12, P&L = -708.0
2024-11-22 20:34:34,688 - INFO - End of iteration
2024-11-22 20:34:34,700 - INFO - End of iteration
2024-11-22 20:34:34,703 - INFO - End of iteration
2024-11-22 20:34:34,713 - INFO - End of iteration
2024-11-22 20:34:34,727 - INFO - End of iteration
2024-11-22 20:34:34,732 - INFO - <------ LONG ENTRY ------>
2024-11-22 20:34:34,740 - INFO - ENTRY PRICE = 61445.0, num_of_lots = 20, loss_for_trade = 32
2024-11-22 20:34:34,741 - INFO - End of iteration
2024-11-22 20:34:34,752 - INFO - End of iteration
2024-11-22 20:34:34,755 - INFO - End of iteration
2024-11-22 20:34:34,772 - INFO - <------ LONG EXIT ------>
2024-11-22 20:34:34,773 - INFO - EXIT PRICE = 62940.0, num_of_lots = 20, P&L = 2990.0
2024-11-22 20:34:34,776 - INFO - End of iteration
2024-11-22 20:34:34,779 - INFO - <------ LONG ENTRY ------>
2024-11-22 20:34:34,787 - INFO - ENTRY PRICE = 63675.0, num_of_lots = 6, loss_for_trade = 104
2024-11-22 20:34:34,788 - INFO - End of iteration
2024-11-22 20:34:34,800 - INFO - End of iteration
2024-11-22 20:34:34,805 - INFO - End of iteration
2024-11-22 20:34:34,815 - INFO - End of iteration
2024-11-22 20:34:34,827 - INFO - End of iteration
2024-11-22 20:34:34,837 - INFO - End of iteration
2024-11-22 20:34:34,847 - INFO - <------ LONG EXIT ------>
2024-11-22 20:34:34,849 - INFO - EXIT PRICE = 65965.0, num_of_lots = 6, P&L = 1374.0
2024-11-22 20:34:34,849 - INFO - End of iteration
2024-11-22 20:34:34,852 - INFO - End of iteration
2024-11-22 20:34:34,862 - INFO - End of iteration
2024-11-22 20:34:34,875 - INFO - End of iteration
2024-11-22 20:34:34,877 - INFO - End of iteration
2024-11-22 20:34:34,886 - INFO - End of iteration
2024-11-22 20:34:34,890 - INFO - <------ LONG ENTRY ------>
2024-11-22 20:34:34,896 - INFO - ENTRY PRICE = 67760.0, num_of_lots = 11, loss_for_trade = 63
2024-11-22 20:34:34,897 - INFO - End of iteration
2024-11-22 20:34:34,902 - INFO - <------ LONG EXIT ------>
2024-11-22 20:34:34,907 - INFO - EXIT PRICE = 67130.0, num_of_lots = 11, P&L = -693.0
2024-11-22 20:34:34,908 - INFO - End of iteration
2024-11-22 20:34:34,910 - INFO - <------ LONG ENTRY ------>
2024-11-22 20:34:34,914 - INFO - ENTRY PRICE = 67820.0, num_of_lots = 14, loss_for_trade = 49
2024-11-22 20:34:34,916 - INFO - End of iteration
2024-11-22 20:34:34,964 - INFO - End of iteration
2024-11-22 20:34:35,015 - INFO - End of iteration
2024-11-22 20:34:35,056 - INFO - <------ LONG EXIT ------>
2024-11-22 20:34:35,059 - INFO - EXIT PRICE = 67810.0, num_of_lots = 14, P&L = -14.0
2024-11-22 20:34:35,073 - INFO - End of iteration
2024-11-22 20:34:35,086 - INFO - End of iteration
2024-11-22 20:34:35,088 - INFO - End of iteration
2024-11-22 20:34:35,102 - INFO - End of iteration
2024-11-22 20:34:35,105 - INFO - End of iteration
2024-11-22 20:34:35,112 - INFO - End of iteration
2024-11-22 20:34:35,122 - INFO - End of iteration
2024-11-22 20:34:35,133 - INFO - End of iteration
2024-11-22 20:34:35,136 - INFO - End of iteration
2024-11-22 20:34:35,151 - INFO - End of iteration
2024-11-22 20:34:35,153 - INFO - <------ LONG ENTRY ------>
2024-11-22 20:34:35,157 - INFO - ENTRY PRICE = 68550.0, num_of_lots = 13, loss_for_trade = 52
2024-11-22 20:34:35,158 - INFO - End of iteration
2024-11-22 20:34:35,161 - INFO - End of iteration
2024-11-22 20:34:35,177 - INFO - End of iteration
2024-11-22 20:34:35,180 - INFO - End of iteration
2024-11-22 20:34:35,187 - INFO - <------ LONG EXIT ------>
2024-11-22 20:34:35,192 - INFO - EXIT PRICE = 68645.0, num_of_lots = 13, P&L = 123.5
2024-11-22 20:34:35,192 - INFO - End of iteration
2024-11-22 20:34:35,201 - INFO - End of iteration
2024-11-22 20:34:35,204 - INFO - End of iteration
2024-11-22 20:34:35,214 - INFO - End of iteration
2024-11-22 20:34:35,233 - INFO - End of iteration
2024-11-22 20:34:35,250 - INFO - End of iteration
2024-11-22 20:34:35,252 - INFO - End of iteration
2024-11-22 20:34:35,270 - INFO - End of iteration
2024-11-22 20:34:35,278 - INFO - End of iteration
2024-11-22 20:34:35,287 - INFO - End of iteration
2024-11-22 20:34:35,304 - INFO - End of iteration
2024-11-22 20:34:35,311 - INFO - End of iteration
2024-11-22 20:34:35,328 - INFO - End of iteration
2024-11-22 20:34:35,336 - INFO - End of iteration
2024-11-22 20:34:35,352 - INFO - End of iteration
2024-11-22 20:34:35,360 - INFO - End of iteration
2024-11-22 20:34:35,377 - INFO - End of iteration
2024-11-22 20:34:35,381 - INFO - End of iteration
2024-11-22 20:34:35,403 - INFO - End of iteration
2024-11-22 20:34:35,406 - INFO - <------ LONG ENTRY ------>
2024-11-22 20:34:35,414 - INFO - ENTRY PRICE = 67605.0, num_of_lots = 9, loss_for_trade = 80
2024-11-22 20:34:35,416 - INFO - End of iteration
2024-11-22 20:34:35,428 - INFO - End of iteration
2024-11-22 20:34:35,434 - INFO - End of iteration
2024-11-22 20:34:35,452 - INFO - End of iteration
2024-11-22 20:34:35,458 - INFO - <------ LONG EXIT ------>
2024-11-22 20:34:35,464 - INFO - EXIT PRICE = 67810.0, num_of_lots = 9, P&L = 184.5
2024-11-22 20:34:35,465 - INFO - End of iteration
2024-11-22 20:34:35,478 - INFO - End of iteration
2024-11-22 20:34:35,483 - INFO - End of iteration
2024-11-22 20:34:35,491 - INFO - <------ LONG ENTRY ------>
2024-11-22 20:34:35,497 - INFO - ENTRY PRICE = 68580.0, num_of_lots = 15, loss_for_trade = 48
2024-11-22 20:34:35,498 - INFO - End of iteration
2024-11-22 20:34:35,499 - INFO - -------- Backtesting Summary --------
2024-11-22 20:34:35,499 - INFO - Total P&L: 20751.5, Number of trades: 43
2024-11-22 20:34:35,500 - INFO - Total Positive Trades: 23, Total Negative Trades: 20
2024-11-22 20:34:35,501 - INFO - Max Profit: 4080.0, Max Loss: -720.0





2024-11-22 20:37:16,862 - INFO - End of iteration
2024-11-22 20:37:16,869 - INFO - End of iteration
2024-11-22 20:37:16,893 - INFO - End of iteration
2024-11-22 20:37:16,897 - INFO - End of iteration
2024-11-22 20:37:16,917 - INFO - End of iteration
2024-11-22 20:37:16,931 - INFO - <------ LONG ENTRY ------>
2024-11-22 20:37:16,932 - INFO - ENTRY PRICE = 66260.0, num_of_lots = 13, loss_for_trade = 54
2024-11-22 20:37:16,934 - INFO - End of iteration
2024-11-22 20:37:16,943 - INFO - <------ LONG EXIT ------>
2024-11-22 20:37:16,950 - INFO - EXIT PRICE = 66795.0, num_of_lots = 13, P&L = 695.5
2024-11-22 20:37:16,952 - INFO - End of iteration
2024-11-22 20:37:16,955 - INFO - End of iteration
2024-11-22 20:37:16,972 - INFO - End of iteration
2024-11-22 20:37:16,980 - INFO - End of iteration
2024-11-22 20:37:16,992 - INFO - End of iteration
2024-11-22 20:37:17,003 - INFO - End of iteration
2024-11-22 20:37:17,006 - INFO - End of iteration
2024-11-22 20:37:17,020 - INFO - End of iteration
2024-11-22 20:37:17,030 - INFO - End of iteration
2024-11-22 20:37:17,040 - INFO - <------ LONG ENTRY ------>
2024-11-22 20:37:17,042 - INFO - ENTRY PRICE = 55790.0, num_of_lots = 5, loss_for_trade = 134
2024-11-22 20:37:17,043 - INFO - End of iteration
2024-11-22 20:37:17,045 - INFO - <------ LONG EXIT ------>
2024-11-22 20:37:17,051 - INFO - EXIT PRICE = 57125.0, num_of_lots = 5, P&L = 667.5
2024-11-22 20:37:17,052 - INFO - End of iteration
2024-11-22 20:37:17,059 - INFO - End of iteration
2024-11-22 20:37:17,070 - INFO - <------ LONG ENTRY ------>
2024-11-22 20:37:17,071 - INFO - ENTRY PRICE = 57145.0, num_of_lots = 20, loss_for_trade = 24
2024-11-22 20:37:17,071 - INFO - End of iteration
2024-11-22 20:37:17,080 - INFO - End of iteration
2024-11-22 20:37:17,091 - INFO - <------ LONG EXIT ------>
2024-11-22 20:37:17,092 - INFO - EXIT PRICE = 57665.0, num_of_lots = 20, P&L = 1040.0
2024-11-22 20:37:17,093 - INFO - End of iteration
2024-11-22 20:37:17,095 - INFO - <------ LONG ENTRY ------>
2024-11-22 20:37:17,099 - INFO - ENTRY PRICE = 58250.0, num_of_lots = 20, loss_for_trade = 35
2024-11-22 20:37:17,100 - INFO - End of iteration
2024-11-22 20:37:17,108 - INFO - <------ LONG EXIT ------>
2024-11-22 20:37:17,108 - INFO - EXIT PRICE = 58600.0, num_of_lots = 20, P&L = 700.0
2024-11-22 20:37:17,110 - INFO - End of iteration
2024-11-22 20:37:17,117 - INFO - End of iteration
2024-11-22 20:37:17,125 - INFO - End of iteration
2024-11-22 20:37:17,137 - INFO - End of iteration
2024-11-22 20:37:17,141 - INFO - End of iteration
2024-11-22 20:37:17,148 - INFO - End of iteration
2024-11-22 20:37:17,157 - INFO - <------ LONG ENTRY ------>
2024-11-22 20:37:17,161 - INFO - ENTRY PRICE = 58775.0, num_of_lots = 5, loss_for_trade = 122
2024-11-22 20:37:17,162 - INFO - End of iteration
2024-11-22 20:37:17,167 - INFO - End of iteration
2024-11-22 20:37:17,179 - INFO - End of iteration
2024-11-22 20:37:17,190 - INFO - End of iteration
2024-11-22 20:37:17,197 - INFO - <------ LONG EXIT ------>
2024-11-22 20:37:17,199 - INFO - EXIT PRICE = 62440.0, num_of_lots = 5, P&L = 1832.5
2024-11-22 20:37:17,199 - INFO - End of iteration
2024-11-22 20:37:17,202 - INFO - End of iteration
2024-11-22 20:37:17,214 - INFO - End of iteration
2024-11-22 20:37:17,219 - INFO - End of iteration
2024-11-22 20:37:17,226 - INFO - End of iteration
2024-11-22 20:37:17,240 - INFO - End of iteration
2024-11-22 20:37:17,242 - INFO - End of iteration
2024-11-22 20:37:17,250 - INFO - End of iteration
2024-11-22 20:37:17,258 - INFO - <------ LONG ENTRY ------>
2024-11-22 20:37:17,262 - INFO - ENTRY PRICE = 61955.0, num_of_lots = 4, loss_for_trade = 150
2024-11-22 20:37:17,264 - INFO - End of iteration
2024-11-22 20:37:17,267 - INFO - End of iteration
2024-11-22 20:37:17,275 - INFO - <------ LONG EXIT ------>
2024-11-22 20:37:17,279 - INFO - EXIT PRICE = 61745.0, num_of_lots = 4, P&L = -84.0
2024-11-22 20:37:17,280 - INFO - End of iteration
2024-11-22 20:37:17,288 - INFO - End of iteration
2024-11-22 20:37:17,294 - INFO - <------ LONG ENTRY ------>
2024-11-22 20:37:17,297 - INFO - ENTRY PRICE = 61985.0, num_of_lots = 20, loss_for_trade = 14
2024-11-22 20:37:17,298 - INFO - End of iteration
2024-11-22 20:37:17,300 - INFO - <------ LONG EXIT ------>
2024-11-22 20:37:17,305 - INFO - EXIT PRICE = 61840.0, num_of_lots = 20, P&L = -290.0
2024-11-22 20:37:17,306 - INFO - End of iteration
2024-11-22 20:37:17,314 - INFO - End of iteration
2024-11-22 20:37:17,317 - INFO - End of iteration
2024-11-22 20:37:17,324 - INFO - End of iteration
2024-11-22 20:37:17,331 - INFO - <------ LONG ENTRY ------>
2024-11-22 20:37:17,337 - INFO - ENTRY PRICE = 60050.0, num_of_lots = 20, loss_for_trade = 11
2024-11-22 20:37:17,338 - INFO - End of iteration
2024-11-22 20:37:17,341 - INFO - End of iteration
2024-11-22 20:37:17,352 - INFO - <------ LONG EXIT ------>
2024-11-22 20:37:17,353 - INFO - EXIT PRICE = 60400.0, num_of_lots = 20, P&L = 700.0
2024-11-22 20:37:17,354 - INFO - End of iteration
2024-11-22 20:37:17,356 - INFO - End of iteration
2024-11-22 20:37:17,367 - INFO - End of iteration
2024-11-22 20:37:17,374 - INFO - End of iteration
2024-11-22 20:37:17,382 - INFO - End of iteration
2024-11-22 20:37:17,390 - INFO - <------ LONG ENTRY ------>
2024-11-22 20:37:17,394 - INFO - ENTRY PRICE = 60000.0, num_of_lots = 9, loss_for_trade = 79
2024-11-22 20:37:17,394 - INFO - End of iteration
2024-11-22 20:37:17,397 - INFO - <------ LONG EXIT ------>
2024-11-22 20:37:17,402 - INFO - EXIT PRICE = 60790.0, num_of_lots = 9, P&L = 711.0
2024-11-22 20:37:17,403 - INFO - End of iteration
2024-11-22 20:37:17,405 - INFO - End of iteration
2024-11-22 20:37:17,416 - INFO - End of iteration
2024-11-22 20:37:17,421 - INFO - End of iteration
2024-11-22 20:37:17,429 - INFO - End of iteration
2024-11-22 20:37:17,439 - INFO - <------ LONG ENTRY ------>
2024-11-22 20:37:17,444 - INFO - ENTRY PRICE = 60850.0, num_of_lots = 11, loss_for_trade = 64
2024-11-22 20:37:17,445 - INFO - End of iteration
2024-11-22 20:37:17,448 - INFO - End of iteration
2024-11-22 20:37:17,455 - INFO - <------ LONG EXIT ------>
2024-11-22 20:37:17,459 - INFO - EXIT PRICE = 62230.0, num_of_lots = 11, P&L = 1518.0
2024-11-22 20:37:17,460 - INFO - End of iteration
2024-11-22 20:37:17,464 - INFO - End of iteration
2024-11-22 20:37:17,472 - INFO - End of iteration
2024-11-22 20:37:17,484 - INFO - End of iteration
2024-11-22 20:37:17,489 - INFO - End of iteration
2024-11-22 20:37:17,496 - INFO - End of iteration
2024-11-22 20:37:17,504 - INFO - <------ LONG ENTRY ------>
2024-11-22 20:37:17,508 - INFO - ENTRY PRICE = 60560.0, num_of_lots = 20, loss_for_trade = 16
2024-11-22 20:37:17,508 - INFO - End of iteration
2024-11-22 20:37:17,515 - INFO - End of iteration
2024-11-22 20:37:17,520 - INFO - End of iteration
2024-11-22 20:37:17,527 - INFO - <------ LONG EXIT ------>
2024-11-22 20:37:17,532 - INFO - EXIT PRICE = 61465.0, num_of_lots = 20, P&L = 1810.0
2024-11-22 20:37:17,532 - INFO - End of iteration
2024-11-22 20:37:17,541 - INFO - End of iteration
2024-11-22 20:37:17,544 - INFO - End of iteration
2024-11-22 20:37:17,550 - INFO - <------ LONG ENTRY ------>
2024-11-22 20:37:17,556 - INFO - ENTRY PRICE = 64115.0, num_of_lots = 3, loss_for_trade = 181
2024-11-22 20:37:17,556 - INFO - End of iteration
2024-11-22 20:37:17,563 - INFO - End of iteration
2024-11-22 20:37:17,568 - INFO - End of iteration
2024-11-22 20:37:17,574 - INFO - <------ LONG EXIT ------>
2024-11-22 20:37:17,579 - INFO - EXIT PRICE = 65225.0, num_of_lots = 3, P&L = 333.0
2024-11-22 20:37:17,580 - INFO - End of iteration
2024-11-22 20:37:17,588 - INFO - End of iteration
2024-11-22 20:37:17,590 - INFO - End of iteration
2024-11-22 20:37:17,596 - INFO - End of iteration
2024-11-22 20:37:17,605 - INFO - End of iteration
2024-11-22 20:37:17,616 - INFO - End of iteration
2024-11-22 20:37:17,620 - INFO - End of iteration
2024-11-22 20:37:17,628 - INFO - End of iteration
2024-11-22 20:37:17,639 - INFO - End of iteration
2024-11-22 20:37:17,641 - INFO - End of iteration
2024-11-22 20:37:17,650 - INFO - <------ LONG ENTRY ------>
2024-11-22 20:37:17,653 - INFO - ENTRY PRICE = 60455.0, num_of_lots = 20, loss_for_trade = 27
2024-11-22 20:37:17,654 - INFO - End of iteration
2024-11-22 20:37:17,662 - INFO - <------ LONG EXIT ------>
2024-11-22 20:37:17,663 - INFO - EXIT PRICE = 60725.0, num_of_lots = 20, P&L = 540.0
2024-11-22 20:37:17,665 - INFO - End of iteration
2024-11-22 20:37:17,667 - INFO - End of iteration
2024-11-22 20:37:17,676 - INFO - End of iteration
2024-11-22 20:37:17,690 - INFO - End of iteration
2024-11-22 20:37:17,692 - INFO - End of iteration
2024-11-22 20:37:17,700 - INFO - <------ LONG ENTRY ------>
2024-11-22 20:37:17,704 - INFO - ENTRY PRICE = 60985.0, num_of_lots = 19, loss_for_trade = 37
2024-11-22 20:37:17,706 - INFO - End of iteration
2024-11-22 20:37:17,716 - INFO - End of iteration
2024-11-22 20:37:17,723 - INFO - <------ LONG EXIT ------>
2024-11-22 20:37:17,730 - INFO - EXIT PRICE = 61200.0, num_of_lots = 19, P&L = 408.5
2024-11-22 20:37:17,732 - INFO - End of iteration
2024-11-22 20:37:17,742 - INFO - End of iteration
2024-11-22 20:37:17,750 - INFO - End of iteration
2024-11-22 20:37:17,768 - INFO - <------ LONG ENTRY ------>
2024-11-22 20:37:17,773 - INFO - ENTRY PRICE = 60230.0, num_of_lots = 20, loss_for_trade = 4
2024-11-22 20:37:17,774 - INFO - End of iteration
2024-11-22 20:37:17,777 - INFO - <------ LONG EXIT ------>
2024-11-22 20:37:17,784 - INFO - EXIT PRICE = 60185.0, num_of_lots = 20, P&L = -90.0
2024-11-22 20:37:17,787 - INFO - End of iteration
2024-11-22 20:37:17,794 - INFO - End of iteration
2024-11-22 20:37:17,803 - INFO - End of iteration
2024-11-22 20:37:17,866 - INFO - End of iteration
2024-11-22 20:37:17,871 - INFO - End of iteration
2024-11-22 20:37:17,891 - INFO - End of iteration
2024-11-22 20:37:17,894 - INFO - End of iteration
2024-11-22 20:37:17,912 - INFO - End of iteration
2024-11-22 20:37:17,917 - INFO - End of iteration
2024-11-22 20:37:17,927 - INFO - End of iteration
2024-11-22 20:37:17,942 - INFO - End of iteration
2024-11-22 20:37:17,952 - INFO - End of iteration
2024-11-22 20:37:17,966 - INFO - End of iteration
2024-11-22 20:37:17,974 - INFO - End of iteration
2024-11-22 20:37:17,991 - INFO - End of iteration
2024-11-22 20:37:17,999 - INFO - End of iteration
2024-11-22 20:37:18,013 - INFO - End of iteration
2024-11-22 20:37:18,024 - INFO - End of iteration
2024-11-22 20:37:18,040 - INFO - End of iteration
2024-11-22 20:37:18,048 - INFO - End of iteration
2024-11-22 20:37:18,066 - INFO - End of iteration
2024-11-22 20:37:18,073 - INFO - End of iteration
2024-11-22 20:37:18,091 - INFO - End of iteration
2024-11-22 20:37:18,096 - INFO - End of iteration
2024-11-22 20:37:18,115 - INFO - <------ LONG ENTRY ------>
2024-11-22 20:37:18,119 - INFO - ENTRY PRICE = 57490.0, num_of_lots = 7, loss_for_trade = 95
2024-11-22 20:37:18,120 - INFO - End of iteration
2024-11-22 20:37:18,122 - INFO - <------ LONG EXIT ------>
2024-11-22 20:37:18,130 - INFO - EXIT PRICE = 56540.0, num_of_lots = 7, P&L = -665.0
2024-11-22 20:37:18,131 - INFO - End of iteration
2024-11-22 20:37:18,143 - INFO - End of iteration
2024-11-22 20:37:18,150 - INFO - End of iteration
2024-11-22 20:37:18,166 - INFO - End of iteration
2024-11-22 20:37:18,170 - INFO - End of iteration
2024-11-22 20:37:18,178 - INFO - <------ LONG ENTRY ------>
2024-11-22 20:37:18,183 - INFO - ENTRY PRICE = 56130.0, num_of_lots = 15, loss_for_trade = 46
2024-11-22 20:37:18,185 - INFO - End of iteration
2024-11-22 20:37:18,189 - INFO - <------ LONG EXIT ------>
2024-11-22 20:37:18,195 - INFO - EXIT PRICE = 55670.0, num_of_lots = 15, P&L = -690.0
2024-11-22 20:37:18,196 - INFO - End of iteration
2024-11-22 20:37:18,198 - INFO - <------ LONG ENTRY ------>
2024-11-22 20:37:18,203 - INFO - ENTRY PRICE = 57410.0, num_of_lots = 20, loss_for_trade = 32
2024-11-22 20:37:18,205 - INFO - End of iteration
2024-11-22 20:37:18,215 - INFO - End of iteration
2024-11-22 20:37:18,218 - INFO - <------ LONG EXIT ------>
2024-11-22 20:37:18,224 - INFO - EXIT PRICE = 57360.0, num_of_lots = 20, P&L = -100.0
2024-11-22 20:37:18,226 - INFO - End of iteration
2024-11-22 20:37:18,228 - INFO - End of iteration
2024-11-22 20:37:18,243 - INFO - End of iteration
2024-11-22 20:37:18,247 - INFO - End of iteration
2024-11-22 20:37:18,255 - INFO - <------ LONG ENTRY ------>
2024-11-22 20:37:18,260 - INFO - ENTRY PRICE = 58075.0, num_of_lots = 20, loss_for_trade = 12
2024-11-22 20:37:18,262 - INFO - End of iteration
2024-11-22 20:37:18,266 - INFO - <------ LONG EXIT ------>
2024-11-22 20:37:18,272 - INFO - EXIT PRICE = 57950.0, num_of_lots = 20, P&L = -250.0
2024-11-22 20:37:18,273 - INFO - End of iteration
2024-11-22 20:37:18,275 - INFO - End of iteration
2024-11-22 20:37:18,290 - INFO - End of iteration
2024-11-22 20:37:18,296 - INFO - End of iteration
2024-11-22 20:37:18,302 - INFO - End of iteration
2024-11-22 20:37:18,315 - INFO - <------ LONG ENTRY ------>
2024-11-22 20:37:18,319 - INFO - ENTRY PRICE = 58545.0, num_of_lots = 18, loss_for_trade = 39
2024-11-22 20:37:18,320 - INFO - End of iteration
2024-11-22 20:37:18,323 - INFO - <------ LONG EXIT ------>
2024-11-22 20:37:18,328 - INFO - EXIT PRICE = 58155.0, num_of_lots = 18, P&L = -702.0
2024-11-22 20:37:18,329 - INFO - End of iteration
2024-11-22 20:37:18,339 - INFO - <------ LONG ENTRY ------>
2024-11-22 20:37:18,340 - INFO - ENTRY PRICE = 58885.0, num_of_lots = 18, loss_for_trade = 39
2024-11-22 20:37:18,341 - INFO - End of iteration
2024-11-22 20:37:18,342 - INFO - End of iteration
2024-11-22 20:37:18,351 - INFO - <------ LONG EXIT ------>
2024-11-22 20:37:18,356 - INFO - EXIT PRICE = 58550.0, num_of_lots = 18, P&L = -603.0
2024-11-22 20:37:18,358 - INFO - End of iteration
2024-11-22 20:37:18,364 - INFO - <------ LONG ENTRY ------>
2024-11-22 20:37:18,369 - INFO - ENTRY PRICE = 59050.0, num_of_lots = 6, loss_for_trade = 112
2024-11-22 20:37:18,369 - INFO - End of iteration
2024-11-22 20:37:18,372 - INFO - End of iteration
2024-11-22 20:37:18,379 - INFO - <------ LONG EXIT ------>
2024-11-22 20:37:18,387 - INFO - EXIT PRICE = 58750.0, num_of_lots = 6, P&L = -180.0
2024-11-22 20:37:18,389 - INFO - End of iteration
2024-11-22 20:37:18,391 - INFO - End of iteration
2024-11-22 20:37:18,399 - INFO - <------ LONG ENTRY ------>
2024-11-22 20:37:18,405 - INFO - ENTRY PRICE = 58690.0, num_of_lots = 20, loss_for_trade = 27
2024-11-22 20:37:18,406 - INFO - End of iteration
2024-11-22 20:37:18,416 - INFO - <------ LONG EXIT ------>
2024-11-22 20:37:18,418 - INFO - EXIT PRICE = 58420.0, num_of_lots = 20, P&L = -540.0
2024-11-22 20:37:18,419 - INFO - End of iteration
2024-11-22 20:37:18,423 - INFO - <------ LONG ENTRY ------>
2024-11-22 20:37:18,428 - INFO - ENTRY PRICE = 58785.0, num_of_lots = 20, loss_for_trade = 2
2024-11-22 20:37:18,429 - INFO - End of iteration
2024-11-22 20:37:18,436 - INFO - End of iteration
2024-11-22 20:37:18,440 - INFO - <------ LONG EXIT ------>
2024-11-22 20:37:18,448 - INFO - EXIT PRICE = 60265.0, num_of_lots = 20, P&L = 2960.0
2024-11-22 20:37:18,448 - INFO - End of iteration
2024-11-22 20:37:18,451 - INFO - End of iteration
2024-11-22 20:37:18,466 - INFO - End of iteration
2024-11-22 20:37:18,469 - INFO - End of iteration
2024-11-22 20:37:18,478 - INFO - End of iteration
2024-11-22 20:37:18,489 - INFO - End of iteration
2024-11-22 20:37:18,497 - INFO - End of iteration
2024-11-22 20:37:18,504 - INFO - <------ LONG ENTRY ------>
2024-11-22 20:37:18,509 - INFO - ENTRY PRICE = 58820.0, num_of_lots = 20, loss_for_trade = 25
2024-11-22 20:37:18,510 - INFO - End of iteration
2024-11-22 20:37:18,515 - INFO - End of iteration
2024-11-22 20:37:18,525 - INFO - End of iteration
2024-11-22 20:37:18,531 - INFO - End of iteration
2024-11-22 20:37:18,540 - INFO - End of iteration
2024-11-22 20:37:18,548 - INFO - End of iteration
2024-11-22 20:37:18,565 - INFO - End of iteration
2024-11-22 20:37:18,572 - INFO - <------ LONG EXIT ------>
2024-11-22 20:37:18,576 - INFO - EXIT PRICE = 60860.0, num_of_lots = 20, P&L = 4080.0
2024-11-22 20:37:18,576 - INFO - End of iteration
2024-11-22 20:37:18,580 - INFO - End of iteration
2024-11-22 20:37:18,592 - INFO - End of iteration
2024-11-22 20:37:18,598 - INFO - <------ LONG ENTRY ------>
2024-11-22 20:37:18,606 - INFO - ENTRY PRICE = 60640.0, num_of_lots = 12, loss_for_trade = 56
2024-11-22 20:37:18,608 - INFO - End of iteration
2024-11-22 20:37:18,615 - INFO - End of iteration
2024-11-22 20:37:18,623 - INFO - End of iteration
2024-11-22 20:37:18,631 - INFO - <------ LONG EXIT ------>
2024-11-22 20:37:18,662 - INFO - EXIT PRICE = 62550.0, num_of_lots = 12, P&L = 2292.0
2024-11-22 20:37:18,675 - INFO - End of iteration
2024-11-22 20:37:18,712 - INFO - <------ LONG ENTRY ------>
2024-11-22 20:37:18,727 - INFO - ENTRY PRICE = 63000.0, num_of_lots = 20, loss_for_trade = 18
2024-11-22 20:37:18,737 - INFO - End of iteration
2024-11-22 20:37:18,779 - INFO - End of iteration
2024-11-22 20:37:18,790 - INFO - End of iteration
2024-11-22 20:37:18,796 - INFO - <------ LONG EXIT ------>
2024-11-22 20:37:18,801 - INFO - EXIT PRICE = 63685.0, num_of_lots = 20, P&L = 1370.0
2024-11-22 20:37:18,801 - INFO - End of iteration
2024-11-22 20:37:18,806 - INFO - <------ LONG ENTRY ------>
2024-11-22 20:37:18,809 - INFO - ENTRY PRICE = 64460.0, num_of_lots = 8, loss_for_trade = 90
2024-11-22 20:37:18,810 - INFO - End of iteration
2024-11-22 20:37:18,815 - INFO - End of iteration
2024-11-22 20:37:18,823 - INFO - <------ LONG EXIT ------>
2024-11-22 20:37:18,827 - INFO - EXIT PRICE = 63630.0, num_of_lots = 8, P&L = -664.0
2024-11-22 20:37:18,828 - INFO - End of iteration
2024-11-22 20:37:18,838 - INFO - End of iteration
2024-11-22 20:37:18,846 - INFO - End of iteration
2024-11-22 20:37:18,851 - INFO - End of iteration
2024-11-22 20:37:18,864 - INFO - <------ LONG ENTRY ------>
2024-11-22 20:37:18,865 - INFO - ENTRY PRICE = 64670.0, num_of_lots = 15, loss_for_trade = 48
2024-11-22 20:37:18,865 - INFO - End of iteration
2024-11-22 20:37:18,868 - INFO - <------ LONG EXIT ------>
2024-11-22 20:37:18,873 - INFO - EXIT PRICE = 64190.0, num_of_lots = 15, P&L = -720.0
2024-11-22 20:37:18,874 - INFO - End of iteration
2024-11-22 20:37:18,875 - INFO - End of iteration
2024-11-22 20:37:18,888 - INFO - End of iteration
2024-11-22 20:37:18,894 - INFO - End of iteration
2024-11-22 20:37:18,902 - INFO - End of iteration
2024-11-22 20:37:18,914 - INFO - End of iteration
2024-11-22 20:37:18,921 - INFO - <------ LONG ENTRY ------>
2024-11-22 20:37:18,925 - INFO - ENTRY PRICE = 64335.0, num_of_lots = 12, loss_for_trade = 56
2024-11-22 20:37:18,925 - INFO - End of iteration
2024-11-22 20:37:18,928 - INFO - End of iteration
2024-11-22 20:37:18,939 - INFO - <------ LONG EXIT ------>
2024-11-22 20:37:18,944 - INFO - EXIT PRICE = 63845.0, num_of_lots = 12, P&L = -588.0
2024-11-22 20:37:18,944 - INFO - End of iteration
2024-11-22 20:37:18,947 - INFO - <------ LONG ENTRY ------>
2024-11-22 20:37:18,953 - INFO - ENTRY PRICE = 64510.0, num_of_lots = 14, loss_for_trade = 50
2024-11-22 20:37:18,955 - INFO - End of iteration
2024-11-22 20:37:18,964 - INFO - End of iteration
2024-11-22 20:37:18,966 - INFO - End of iteration
2024-11-22 20:37:18,977 - INFO - <------ LONG EXIT ------>
2024-11-22 20:37:18,980 - INFO - EXIT PRICE = 64630.0, num_of_lots = 14, P&L = 168.0
2024-11-22 20:37:18,980 - INFO - End of iteration
2024-11-22 20:37:18,988 - INFO - End of iteration
2024-11-22 20:37:18,996 - INFO - End of iteration
2024-11-22 20:37:19,002 - INFO - End of iteration
2024-11-22 20:37:19,015 - INFO - End of iteration
2024-11-22 20:37:19,021 - INFO - <------ LONG ENTRY ------>
2024-11-22 20:37:19,024 - INFO - ENTRY PRICE = 63975.0, num_of_lots = 13, loss_for_trade = 52
2024-11-22 20:37:19,024 - INFO - End of iteration
2024-11-22 20:37:19,028 - INFO - End of iteration
2024-11-22 20:37:19,040 - INFO - End of iteration
2024-11-22 20:37:19,045 - INFO - End of iteration
2024-11-22 20:37:19,053 - INFO - End of iteration
2024-11-22 20:37:19,063 - INFO - End of iteration
2024-11-22 20:37:19,072 - INFO - End of iteration
2024-11-22 20:37:19,077 - INFO - End of iteration
2024-11-22 20:37:19,089 - INFO - End of iteration
2024-11-22 20:37:19,095 - INFO - End of iteration
2024-11-22 20:37:19,103 - INFO - <------ LONG EXIT ------>
2024-11-22 20:37:19,107 - INFO - EXIT PRICE = 66040.0, num_of_lots = 13, P&L = 2684.5
2024-11-22 20:37:19,107 - INFO - End of iteration
2024-11-22 20:37:19,114 - INFO - End of iteration
2024-11-22 20:37:19,120 - INFO - End of iteration
2024-11-22 20:37:19,128 - INFO - End of iteration
2024-11-22 20:37:19,140 - INFO - End of iteration
2024-11-22 20:37:19,143 - INFO - End of iteration
2024-11-22 20:37:19,151 - INFO - End of iteration
2024-11-22 20:37:19,165 - INFO - End of iteration
2024-11-22 20:37:19,167 - INFO - End of iteration
2024-11-22 20:37:19,175 - INFO - End of iteration
2024-11-22 20:37:19,188 - INFO - End of iteration
2024-11-22 20:37:19,193 - INFO - End of iteration
2024-11-22 20:37:19,201 - INFO - End of iteration
2024-11-22 20:37:19,215 - INFO - End of iteration
2024-11-22 20:37:19,217 - INFO - End of iteration
2024-11-22 20:37:19,223 - INFO - End of iteration
2024-11-22 20:37:19,239 - INFO - End of iteration
2024-11-22 20:37:19,242 - INFO - <------ LONG ENTRY ------>
2024-11-22 20:37:19,247 - INFO - ENTRY PRICE = 62240.0, num_of_lots = 7, loss_for_trade = 96
2024-11-22 20:37:19,248 - INFO - End of iteration
2024-11-22 20:37:19,257 - INFO - <------ LONG EXIT ------>
2024-11-22 20:37:19,258 - INFO - EXIT PRICE = 61285.0, num_of_lots = 7, P&L = -668.5
2024-11-22 20:37:19,260 - INFO - End of iteration
2024-11-22 20:37:19,264 - INFO - End of iteration
2024-11-22 20:37:19,274 - INFO - End of iteration
2024-11-22 20:37:19,280 - INFO - End of iteration
2024-11-22 20:37:19,290 - INFO - End of iteration
2024-11-22 20:37:19,296 - INFO - End of iteration
2024-11-22 20:37:19,304 - INFO - End of iteration
2024-11-22 20:37:19,315 - INFO - End of iteration
2024-11-22 20:37:19,323 - INFO - <------ LONG ENTRY ------>
2024-11-22 20:37:19,328 - INFO - ENTRY PRICE = 61480.0, num_of_lots = 17, loss_for_trade = 41
2024-11-22 20:37:19,329 - INFO - End of iteration
2024-11-22 20:37:19,335 - INFO - End of iteration
2024-11-22 20:37:19,339 - INFO - End of iteration
2024-11-22 20:37:19,348 - INFO - <------ LONG EXIT ------>
2024-11-22 20:37:19,353 - INFO - EXIT PRICE = 61425.0, num_of_lots = 17, P&L = -93.5
2024-11-22 20:37:19,353 - INFO - End of iteration
2024-11-22 20:37:19,360 - INFO - End of iteration
2024-11-22 20:37:19,367 - INFO - <------ LONG ENTRY ------>
2024-11-22 20:37:19,372 - INFO - ENTRY PRICE = 63110.0, num_of_lots = 12, loss_for_trade = 59
2024-11-22 20:37:19,373 - INFO - End of iteration
2024-11-22 20:37:19,375 - INFO - End of iteration
2024-11-22 20:37:19,388 - INFO - <------ LONG EXIT ------>
2024-11-22 20:37:19,392 - INFO - EXIT PRICE = 63595.0, num_of_lots = 12, P&L = 582.0
2024-11-22 20:37:19,392 - INFO - End of iteration
2024-11-22 20:37:19,393 - INFO - End of iteration
2024-11-22 20:37:19,401 - INFO - <------ LONG ENTRY ------>
2024-11-22 20:37:19,407 - INFO - ENTRY PRICE = 64335.0, num_of_lots = 10, loss_for_trade = 67
2024-11-22 20:37:19,408 - INFO - End of iteration
2024-11-22 20:37:19,416 - INFO - <------ LONG EXIT ------>
2024-11-22 20:37:19,419 - INFO - EXIT PRICE = 63665.0, num_of_lots = 10, P&L = -670.0
2024-11-22 20:37:19,419 - INFO - End of iteration
2024-11-22 20:37:19,423 - INFO - End of iteration
2024-11-22 20:37:19,429 - INFO - End of iteration
2024-11-22 20:37:19,439 - INFO - End of iteration
2024-11-22 20:37:19,448 - INFO - End of iteration
2024-11-22 20:37:19,456 - INFO - End of iteration
2024-11-22 20:37:19,465 - INFO - End of iteration
2024-11-22 20:37:19,471 - INFO - End of iteration
2024-11-22 20:37:19,480 - INFO - End of iteration
2024-11-22 20:37:19,489 - INFO - End of iteration
2024-11-22 20:37:19,493 - INFO - End of iteration
2024-11-22 20:37:19,500 - INFO - End of iteration
2024-11-22 20:37:19,514 - INFO - End of iteration
2024-11-22 20:37:19,517 - INFO - End of iteration
2024-11-22 20:37:19,522 - INFO - End of iteration
2024-11-22 20:37:19,530 - INFO - End of iteration
2024-11-22 20:37:19,539 - INFO - <------ LONG ENTRY ------>
2024-11-22 20:37:19,542 - INFO - ENTRY PRICE = 61260.0, num_of_lots = 12, loss_for_trade = 59
2024-11-22 20:37:19,544 - INFO - End of iteration
2024-11-22 20:37:19,548 - INFO - <------ LONG EXIT ------>
2024-11-22 20:37:19,551 - INFO - EXIT PRICE = 60670.0, num_of_lots = 12, P&L = -708.0
2024-11-22 20:37:19,552 - INFO - End of iteration
2024-11-22 20:37:19,554 - INFO - End of iteration
2024-11-22 20:37:19,564 - INFO - End of iteration
2024-11-22 20:37:19,571 - INFO - End of iteration
2024-11-22 20:37:19,577 - INFO - End of iteration
2024-11-22 20:37:19,589 - INFO - <------ LONG ENTRY ------>
2024-11-22 20:37:19,591 - INFO - ENTRY PRICE = 61445.0, num_of_lots = 20, loss_for_trade = 32
2024-11-22 20:37:19,592 - INFO - End of iteration
2024-11-22 20:37:19,594 - INFO - End of iteration
2024-11-22 20:37:19,600 - INFO - End of iteration
2024-11-22 20:37:19,612 - INFO - <------ LONG EXIT ------>
2024-11-22 20:37:19,614 - INFO - EXIT PRICE = 62940.0, num_of_lots = 20, P&L = 2990.0
2024-11-22 20:37:19,614 - INFO - End of iteration
2024-11-22 20:37:19,617 - INFO - <------ LONG ENTRY ------>
2024-11-22 20:37:19,622 - INFO - ENTRY PRICE = 63675.0, num_of_lots = 6, loss_for_trade = 104
2024-11-22 20:37:19,622 - INFO - End of iteration
2024-11-22 20:37:19,625 - INFO - End of iteration
2024-11-22 20:37:19,640 - INFO - End of iteration
2024-11-22 20:37:19,645 - INFO - End of iteration
2024-11-22 20:37:19,650 - INFO - End of iteration
2024-11-22 20:37:19,661 - INFO - End of iteration
2024-11-22 20:37:19,665 - INFO - <------ LONG EXIT ------>
2024-11-22 20:37:19,670 - INFO - EXIT PRICE = 65965.0, num_of_lots = 6, P&L = 1374.0
2024-11-22 20:37:19,670 - INFO - End of iteration
2024-11-22 20:37:19,673 - INFO - End of iteration
2024-11-22 20:37:19,679 - INFO - End of iteration
2024-11-22 20:37:19,689 - INFO - End of iteration
2024-11-22 20:37:19,699 - INFO - End of iteration
2024-11-22 20:37:19,706 - INFO - End of iteration
2024-11-22 20:37:19,714 - INFO - <------ LONG ENTRY ------>
2024-11-22 20:37:19,717 - INFO - ENTRY PRICE = 67760.0, num_of_lots = 11, loss_for_trade = 63
2024-11-22 20:37:19,717 - INFO - End of iteration
2024-11-22 20:37:19,721 - INFO - <------ LONG EXIT ------>
2024-11-22 20:37:19,725 - INFO - EXIT PRICE = 67130.0, num_of_lots = 11, P&L = -693.0
2024-11-22 20:37:19,726 - INFO - End of iteration
2024-11-22 20:37:19,728 - INFO - <------ LONG ENTRY ------>
2024-11-22 20:37:19,733 - INFO - ENTRY PRICE = 67820.0, num_of_lots = 14, loss_for_trade = 49
2024-11-22 20:37:19,734 - INFO - End of iteration
2024-11-22 20:37:19,739 - INFO - End of iteration
2024-11-22 20:37:19,746 - INFO - End of iteration
2024-11-22 20:37:19,753 - INFO - <------ LONG EXIT ------>
2024-11-22 20:37:19,759 - INFO - EXIT PRICE = 67810.0, num_of_lots = 14, P&L = -14.0
2024-11-22 20:37:19,759 - INFO - End of iteration
2024-11-22 20:37:19,764 - INFO - End of iteration
2024-11-22 20:37:19,771 - INFO - End of iteration
2024-11-22 20:37:19,778 - INFO - End of iteration
2024-11-22 20:37:19,788 - INFO - End of iteration
2024-11-22 20:37:19,796 - INFO - End of iteration
2024-11-22 20:37:19,813 - INFO - End of iteration
2024-11-22 20:37:19,815 - INFO - End of iteration
2024-11-22 20:37:19,823 - INFO - End of iteration
2024-11-22 20:37:19,831 - INFO - End of iteration
2024-11-22 20:37:19,840 - INFO - <------ LONG ENTRY ------>
2024-11-22 20:37:19,845 - INFO - ENTRY PRICE = 68550.0, num_of_lots = 13, loss_for_trade = 52
2024-11-22 20:37:19,846 - INFO - End of iteration
2024-11-22 20:37:19,849 - INFO - End of iteration
2024-11-22 20:37:19,855 - INFO - End of iteration
2024-11-22 20:37:19,865 - INFO - End of iteration
2024-11-22 20:37:19,872 - INFO - <------ LONG EXIT ------>
2024-11-22 20:37:19,876 - INFO - EXIT PRICE = 68645.0, num_of_lots = 13, P&L = 123.5
2024-11-22 20:37:19,877 - INFO - End of iteration
2024-11-22 20:37:19,879 - INFO - End of iteration
2024-11-22 20:37:19,889 - INFO - End of iteration
2024-11-22 20:37:19,900 - INFO - End of iteration
2024-11-22 20:37:19,903 - INFO - End of iteration
2024-11-22 20:37:19,914 - INFO - End of iteration
2024-11-22 20:37:19,921 - INFO - End of iteration
2024-11-22 20:37:19,940 - INFO - End of iteration
2024-11-22 20:37:19,946 - INFO - End of iteration
2024-11-22 20:37:19,966 - INFO - End of iteration
2024-11-22 20:37:19,972 - INFO - End of iteration
2024-11-22 20:37:19,991 - INFO - End of iteration
2024-11-22 20:37:19,997 - INFO - End of iteration
2024-11-22 20:37:20,015 - INFO - End of iteration
2024-11-22 20:37:20,023 - INFO - End of iteration
2024-11-22 20:37:20,039 - INFO - End of iteration
2024-11-22 20:37:20,044 - INFO - End of iteration
2024-11-22 20:37:20,064 - INFO - End of iteration
2024-11-22 20:37:20,066 - INFO - End of iteration
2024-11-22 20:37:20,076 - INFO - <------ LONG ENTRY ------>
2024-11-22 20:37:20,082 - INFO - ENTRY PRICE = 67605.0, num_of_lots = 9, loss_for_trade = 80
2024-11-22 20:37:20,082 - INFO - End of iteration
2024-11-22 20:37:20,090 - INFO - End of iteration
2024-11-22 20:37:20,095 - INFO - End of iteration
2024-11-22 20:37:20,104 - INFO - End of iteration
2024-11-22 20:37:20,114 - INFO - <------ LONG EXIT ------>
2024-11-22 20:37:20,118 - INFO - EXIT PRICE = 67810.0, num_of_lots = 9, P&L = 184.5
2024-11-22 20:37:20,119 - INFO - End of iteration
2024-11-22 20:37:20,122 - INFO - End of iteration
2024-11-22 20:37:20,129 - INFO - End of iteration
2024-11-22 20:37:20,139 - INFO - <------ LONG ENTRY ------>
2024-11-22 20:37:20,144 - INFO - ENTRY PRICE = 68580.0, num_of_lots = 15, loss_for_trade = 48
2024-11-22 20:37:20,144 - INFO - End of iteration
2024-11-22 20:37:20,145 - INFO - -------- Backtesting Summary --------
2024-11-22 20:37:20,146 - INFO - Total P&L: 20751.5, Number of trades: 43
2024-11-22 20:37:20,147 - INFO - Total Positive Trades: 23, Total Negative Trades: 20
2024-11-22 20:37:20,147 - INFO - Max Profit: 4080.0, Max Loss: -720.0
